============================= test session starts ==============================
platform darwin -- Python 3.12.11, pytest-9.0.2, pluggy-1.6.0 -- /Users/adamnguyen/Research/obsidian_2_anki/.venv/bin/python
cachedir: .pytest_cache
rootdir: /Users/adamnguyen/Research/obsidian_2_anki
configfile: pyproject.toml
plugins: respx-0.22.0, anyio-4.12.0, asyncio-1.3.0, cov-7.0.0
asyncio: mode=Mode.STRICT, debug=False, asyncio_default_fixture_loop_scope=None, asyncio_default_test_loop_scope=function
collecting ... collected 15 items

tests/application/test_graph_resolver.py::TestDependencyGraph::test_add_node PASSED [  6%]
tests/application/test_graph_resolver.py::TestDependencyGraph::test_add_requires PASSED [ 13%]
tests/application/test_graph_resolver.py::TestDependencyGraph::test_add_related PASSED [ 20%]
tests/application/test_graph_resolver.py::TestBuildGraph::test_build_graph_from_yaml PASSED [ 26%]
tests/application/test_graph_resolver.py::TestBuildGraph::test_build_graph_skips_cards_without_id PASSED [ 33%]
tests/application/test_graph_resolver.py::TestLocalGraph::test_get_local_graph PASSED [ 40%]
tests/application/test_graph_resolver.py::TestLocalGraph::test_get_local_graph_depth_limit PASSED [ 46%]
tests/application/test_graph_resolver.py::TestLocalGraph::test_get_local_graph_not_found PASSED [ 53%]
tests/application/test_graph_resolver.py::TestCycleDetection::test_detect_no_cycles PASSED [ 60%]
tests/application/test_graph_resolver.py::TestCycleDetection::test_detect_simple_cycle PASSED [ 66%]
tests/application/test_graph_resolver.py::TestTopologicalSort::test_topological_sort_basic PASSED [ 73%]
tests/application/test_graph_resolver.py::TestTopologicalSort::test_topological_sort_subset PASSED [ 80%]
tests/application/test_graph_resolver.py::TestQueueBuilder::test_build_dependency_queue PASSED [ 86%]
tests/application/test_graph_resolver.py::TestQueueBuilder::test_include_related_not_implemented PASSED [ 93%]
tests/application/test_graph_resolver.py::TestQueueBuilder::test_weak_prereq_filtering PASSED [100%]

============================== 15 passed in 0.03s ==============================
